// Jest Snapshot v1, https://goo.gl/fbAQLP

exports[`ListPosts layout dom elements (snapshot 1`] = `
<Fragment>
  <h4 />
  <p />
</Fragment>
`;
