// Jest Snapshot v1, https://goo.gl/fbAQLP

exports[`Post layout dom elements (snapshot) 1`] = `ShallowWrapper {}`;
